[    0.000000] Linux version 4.15.0-212-generic (buildd@lcy02-amd64-083) (gcc version 7.5.0 (Ubuntu 7.5.0-3ubuntu1~18.04)) #223-Ubuntu SMP Tue May 23 13:09:22 UTC 2023 (Ubuntu 4.15.0-212.223-generic 4.15.18)
[    0.000000] Command line: BOOT_IMAGE=/boot/vmlinuz-4.15.0-212-generic root=LABEL=cloudimg-rootfs ro console=tty1 console=ttyS0
[    0.000000] KERNEL supported cpus:
[    0.000000]   Intel GenuineIntel
[    0.000000]   AMD AuthenticAMD
[    0.000000]   Centaur CentaurHauls
[    0.000000] [Firmware Bug]: TSC doesn't count with P0 frequency!
[    0.000000] x86/fpu: x87 FPU will use FXSAVE
[    0.000000] e820: BIOS-provided physical RAM map:
[    0.000000] BIOS-e820: [mem 0x0000000000000000-0x000000000009fbff] usable
[    0.000000] BIOS-e820: [mem 0x000000000009fc00-0x000000000009ffff] reserved
[    0.000000] BIOS-e820: [mem 0x00000000000f0000-0x00000000000fffff] reserved
[    0.000000] BIOS-e820: [mem 0x0000000000100000-0x000000007ffeffff] usable
[    0.000000] BIOS-e820: [mem 0x000000007fff0000-0x000000007fffffff] ACPI data
[    0.000000] BIOS-e820: [mem 0x00000000fec00000-0x00000000fec00fff] reserved
[    0.000000] BIOS-e820: [mem 0x00000000fee00000-0x00000000fee00fff] reserved
[    0.000000] BIOS-e820: [mem 0x00000000fffc0000-0x00000000ffffffff] reserved
[    0.000000] NX (Execute Disable) protection: active
[    0.000000] SMBIOS 2.5 present.
[    0.000000] DMI: innotek GmbH VirtualBox/VirtualBox, BIOS VirtualBox 12/01/2006
[    0.000000] Hypervisor detected: KVM
[    0.000000] e820: last_pfn = 0x7fff0 max_arch_pfn = 0x400000000
[    0.000000] x86/PAT: Configuration [0-7]: WB  WC  UC- UC  WB  WP  UC- WT  
[    0.000000] CPU MTRRs all blank - virtualized system.
[    0.000000] found SMP MP-table at [mem 0x0009fbf0-0x0009fbff]
[    0.000000] Scanning 1 areas for low memory corruption
[    0.000000] RAMDISK: [mem 0x359cb000-0x36cdcfff]
[    0.000000] ACPI: Early table checksum verification disabled
[    0.000000] ACPI: RSDP 0x00000000000E0000 000024 (v02 VBOX  )
[    0.000000] ACPI: XSDT 0x000000007FFF0030 00003C (v01 VBOX   VBOXXSDT 00000001 ASL  00000061)
[    0.000000] ACPI: FACP 0x000000007FFF00F0 0000F4 (v04 VBOX   VBOXFACP 00000001 ASL  00000061)
[    0.000000] ACPI: DSDT 0x000000007FFF0610 002353 (v02 VBOX   VBOXBIOS 00000002 INTL 20100528)
[    0.000000] ACPI: FACS 0x000000007FFF0200 000040
[    0.000000] ACPI: FACS 0x000000007FFF0200 000040
[    0.000000] ACPI: APIC 0x000000007FFF0240 00005C (v02 VBOX   VBOXAPIC 00000001 ASL  00000061)
[    0.000000] ACPI: SSDT 0x000000007FFF02A0 00036C (v01 VBOX   VBOXCPUT 00000002 INTL 20100528)
[    0.000000] ACPI: Reserving FACP table memory at [mem 0x7fff00f0-0x7fff01e3]
[    0.000000] ACPI: Reserving DSDT table memory at [mem 0x7fff0610-0x7fff2962]
[    0.000000] ACPI: Reserving FACS table memory at [mem 0x7fff0200-0x7fff023f]
[    0.000000] ACPI: Reserving FACS table memory at [mem 0x7fff0200-0x7fff023f]
[    0.000000] ACPI: Reserving APIC table memory at [mem 0x7fff0240-0x7fff029b]
[    0.000000] ACPI: Reserving SSDT table memory at [mem 0x7fff02a0-0x7fff060b]
[    0.000000] No NUMA configuration found
[    0.000000] Faking a node at [mem 0x0000000000000000-0x000000007ffeffff]
[    0.000000] NODE_DATA(0) allocated [mem 0x7ffc5000-0x7ffeffff]
[    0.000000] kvm-clock: cpu 0, msr 0:7ff44001, primary cpu clock
[    0.000000] kvm-clock: Using msrs 4b564d01 and 4b564d00
[    0.000000] kvm-clock: using sched offset of 4169571844 cycles
[    0.000000] clocksource: kvm-clock: mask: 0xffffffffffffffff max_cycles: 0x1cd42e4dffb, max_idle_ns: 881590591483 ns
[    0.000000] Zone ranges:
[    0.000000]   DMA      [mem 0x0000000000001000-0x0000000000ffffff]
[    0.000000]   DMA32    [mem 0x0000000001000000-0x000000007ffeffff]
[    0.000000]   Normal   empty
[    0.000000]   Device   empty
[    0.000000] Movable zone start for each node
[    0.000000] Early memory node ranges
[    0.000000]   node   0: [mem 0x0000000000001000-0x000000000009efff]
[    0.000000]   node   0: [mem 0x0000000000100000-0x000000007ffeffff]
[    0.000000] Reserved but unavailable: 104 pages
[    0.000000] Initmem setup node 0 [mem 0x0000000000001000-0x000000007ffeffff]
[    0.000000] ACPI: PM-Timer IO Port: 0x4008
[    0.000000] IOAPIC[0]: apic_id 2, version 32, address 0xfec00000, GSI 0-23
[    0.000000] ACPI: INT_SRC_OVR (bus 0 bus_irq 0 global_irq 2 dfl dfl)
[    0.000000] ACPI: INT_SRC_OVR (bus 0 bus_irq 9 global_irq 9 low level)
[    0.000000] Using ACPI (MADT) for SMP configuration information
[    0.000000] smpboot: Allowing 2 CPUs, 0 hotplug CPUs
[    0.000000] PM: Registered nosave memory: [mem 0x00000000-0x00000fff]
[    0.000000] PM: Registered nosave memory: [mem 0x0009f000-0x0009ffff]
[    0.000000] PM: Registered nosave memory: [mem 0x000a0000-0x000effff]
[    0.000000] PM: Registered nosave memory: [mem 0x000f0000-0x000fffff]
[    0.000000] e820: [mem 0x80000000-0xfebfffff] available for PCI devices
[    0.000000] Booting paravirtualized kernel on KVM
[    0.000000] clocksource: refined-jiffies: mask: 0xffffffff max_cycles: 0xffffffff, max_idle_ns: 7645519600211568 ns
[    0.000000] setup_percpu: NR_CPUS:8192 nr_cpumask_bits:2 nr_cpu_ids:2 nr_node_ids:1
[    0.000000] percpu: Embedded 50 pages/cpu s167936 r8192 d28672 u1048576
[    0.000000] PV qspinlock hash table entries: 256 (order: 0, 4096 bytes)
[    0.000000] Built 1 zonelists, mobility grouping on.  Total pages: 515961
[    0.000000] Policy zone: DMA32
[    0.000000] Kernel command line: BOOT_IMAGE=/boot/vmlinuz-4.15.0-212-generic root=LABEL=cloudimg-rootfs ro console=tty1 console=ttyS0
[    0.000000] Memory: 2014836K/2096696K available (12300K kernel code, 2477K rwdata, 4324K rodata, 2480K init, 2720K bss, 81860K reserved, 0K cma-reserved)
[    0.000000] SLUB: HWalign=64, Order=0-3, MinObjects=0, CPUs=2, Nodes=1
[    0.000000] ftrace: allocating 39508 entries in 155 pages
[    0.004000] Hierarchical RCU implementation.
[    0.004000] 	RCU restricting CPUs from NR_CPUS=8192 to nr_cpu_ids=2.
[    0.004000] 	Tasks RCU enabled.
[    0.004000] RCU: Adjusting geometry for rcu_fanout_leaf=16, nr_cpu_ids=2
[    0.004000] NR_IRQS: 524544, nr_irqs: 440, preallocated irqs: 16
[    0.004000] random: crng init done
[    0.004000] Console: colour VGA+ 80x25
[    0.004000] console [tty1] enabled
[    0.004000] console [ttyS0] enabled
[    0.004000] ACPI: Core revision 20170831
[    0.004000] ACPI: 2 ACPI AML tables successfully acquired and loaded
[    0.004000] APIC: Switch to symmetric I/O mode setup
[    0.004000] ..TIMER: vector=0x30 apic1=0 pin1=2 apic2=-1 pin2=-1
[    0.004000] tsc: Detected 2694.938 MHz processor
[    0.004000] Calibrating delay loop (skipped) preset value.. 5389.87 BogoMIPS (lpj=10779752)
[    0.004008] pid_max: default: 32768 minimum: 301
[    0.008157] Security Framework initialized
[    0.012005] Yama: becoming mindful.
[    0.016112] AppArmor: AppArmor initialized
[    0.030271] Dentry cache hash table entries: 262144 (order: 9, 2097152 bytes)
[    0.036132] Inode-cache hash table entries: 131072 (order: 8, 1048576 bytes)
[    0.040161] Mount-cache hash table entries: 4096 (order: 3, 32768 bytes)
[    0.048101] Mountpoint-cache hash table entries: 4096 (order: 3, 32768 bytes)
[    0.056300] Last level iTLB entries: 4KB 512, 2MB 512, 4MB 256
[    0.060005] Last level dTLB entries: 4KB 2048, 2MB 2048, 4MB 1024, 1GB 0
[    0.064005] Spectre V1 : Mitigation: usercopy/swapgs barriers and __user pointer sanitization
[    0.068004] Spectre V2 : Mitigation: Retpolines
[    0.072003] Spectre V2 : Spectre v2 / SpectreRSB mitigation: Filling RSB on context switch
[    0.076008] Spectre V2 : Spectre v2 / SpectreRSB : Filling RSB on VMEXIT
[    0.080287] Freeing SMP alternatives memory: 36K
[    0.213377] APIC calibration not consistent with PM-Timer: 113ms instead of 100ms
[    0.216000] APIC delta adjusted to PM-Timer: 6460920 (7349249)
[    0.216388] smpboot: CPU0: AMD Ryzen 7 7735U with Radeon Graphics (family: 0x19, model: 0x44, stepping: 0x1)
[    0.224098] Performance Events: PMU not available due to virtualization, using software events only.
[    0.228188] Hierarchical SRCU implementation.
[    0.232964] NMI watchdog: Perf event create on CPU 0 failed with -2
[    0.236003] NMI watchdog: Perf NMI watchdog permanently disabled
[    0.240335] smp: Bringing up secondary CPUs ...
[    0.248312] x86: Booting SMP configuration:
[    0.252005] .... node  #0, CPUs:      #1
[    0.004000] kvm-clock: cpu 1, msr 0:7ff44041, secondary cpu clock
[    0.264293] smp: Brought up 1 node, 2 CPUs
[    0.268020] smpboot: Max logical packages: 1
[    0.272010] smpboot: Total of 2 processors activated (10779.75 BogoMIPS)
[    0.277124] devtmpfs: initialized
[    0.284361] x86/mm: Memory block size: 128MB
[    0.289157] evm: security.selinux
[    0.296007] evm: security.SMACK64
[    0.300005] evm: security.SMACK64EXEC
[    0.304005] evm: security.SMACK64TRANSMUTE
[    0.308005] evm: security.SMACK64MMAP
[    0.312005] evm: security.apparmor
[    0.316011] evm: security.ima
[    0.318821] evm: security.capability
[    0.324469] clocksource: jiffies: mask: 0xffffffff max_cycles: 0xffffffff, max_idle_ns: 7645041785100000 ns
[    0.336021] futex hash table entries: 512 (order: 3, 32768 bytes)
[    0.340402] pinctrl core: initialized pinctrl subsystem
[    0.348438] RTC time:  9:07:02, date: 06/13/25
[    0.353629] NET: Registered protocol family 16
[    0.360198] audit: initializing netlink subsys (disabled)
[    0.364351] audit: type=2000 audit(1749805627.394:1): state=initialized audit_enabled=0 res=1
[    0.368285] cpuidle: using governor ladder
[    0.372404] cpuidle: using governor menu
[    0.380141] ACPI: bus type PCI registered
[    0.384006] acpiphp: ACPI Hot Plug PCI Controller Driver version: 0.5
[    0.388668] PCI: Using configuration type 1 for base access
[    0.396007] PCI: Using configuration type 1 for extended access
[    0.404506] HugeTLB registered 2.00 MiB page size, pre-allocated 0 pages
[    0.408562] ACPI: Added _OSI(Module Device)
[    0.416018] ACPI: Added _OSI(Processor Device)
[    0.420004] ACPI: Added _OSI(3.0 _SCP Extensions)
[    0.424005] ACPI: Added _OSI(Processor Aggregator Device)
[    0.432011] ACPI: Added _OSI(Linux-Dell-Video)
[    0.432011] ACPI: Added _OSI(Linux-Lenovo-NV-HDMI-Audio)
[    0.440008] ACPI: Added _OSI(Linux-HPI-Hybrid-Graphics)
[    0.444911] ACPI: Executed 1 blocks of module-level executable AML code
[    0.459080] ACPI: Interpreter enabled
[    0.460020] ACPI: (supports S0 S5)
[    0.464005] ACPI: Using IOAPIC for interrupt routing
[    0.468609] PCI: Using host bridge windows from ACPI; if necessary, use "pci=nocrs" and report a bug
[    0.476455] ACPI: Enabled 2 GPEs in block 00 to 07
[    0.500000] ACPI: PCI Root Bridge [PCI0] (domain 0000 [bus 00-ff])
[    0.504022] acpi PNP0A03:00: _OSC: OS supports [ExtendedConfig ASPM ClockPM Segments MSI]
[    0.518153] acpi PNP0A03:00: _OSC: platform does not support [PCIeCapability]
[    0.525203] acpi PNP0A03:00: _OSC: not requesting control; platform does not support [PCIeCapability]
[    0.532011] acpi PNP0A03:00: _OSC: OS requested [PCIeHotplug PME AER PCIeCapability]
[    0.540013] acpi PNP0A03:00: _OSC: platform willing to grant [PCIeHotplug PME AER]
[    0.552013] acpi PNP0A03:00: _OSC failed (AE_SUPPORT); disabling ASPM
[    0.556874] PCI host bridge to bus 0000:00
[    0.560012] pci_bus 0000:00: root bus resource [io  0x0000-0x0cf7 window]
[    0.572014] pci_bus 0000:00: root bus resource [io  0x0d00-0xffff window]
[    0.580014] pci_bus 0000:00: root bus resource [mem 0x000a0000-0x000bffff window]
[    0.592011] pci_bus 0000:00: root bus resource [mem 0x80000000-0xfdffffff window]
[    0.600012] pci_bus 0000:00: root bus resource [bus 00-ff]
[    0.615634] pci 0000:00:01.1: legacy IDE quirk: reg 0x10: [io  0x01f0-0x01f7]
[    0.620016] pci 0000:00:01.1: legacy IDE quirk: reg 0x14: [io  0x03f6]
[    0.628015] pci 0000:00:01.1: legacy IDE quirk: reg 0x18: [io  0x0170-0x0177]
[    0.636013] pci 0000:00:01.1: legacy IDE quirk: reg 0x1c: [io  0x0376]
[    0.675253] pci 0000:00:07.0: quirk: [io  0x4000-0x403f] claimed by PIIX4 ACPI
[    0.680045] pci 0000:00:07.0: quirk: [io  0x4100-0x410f] claimed by PIIX4 SMB
[    0.705712] ACPI: PCI Interrupt Link [LNKA] (IRQs 5 9 10 *11)
[    0.712558] ACPI: PCI Interrupt Link [LNKB] (IRQs 5 9 *10 11)
[    0.716287] ACPI: PCI Interrupt Link [LNKC] (IRQs 5 *9 10 11)
[    0.720239] ACPI: PCI Interrupt Link [LNKD] (IRQs 5 9 10 *11)
[    0.728798] SCSI subsystem initialized
[    0.732258] pci 0000:00:02.0: vgaarb: setting as boot VGA device
[    0.736000] pci 0000:00:02.0: vgaarb: VGA device added: decodes=io+mem,owns=io+mem,locks=none
[    0.744013] pci 0000:00:02.0: vgaarb: bridge control possible
[    0.748009] vgaarb: loaded
[    0.752151] ACPI: bus type USB registered
[    0.756031] usbcore: registered new interface driver usbfs
[    0.760018] usbcore: registered new interface driver hub
[    0.764017] usbcore: registered new device driver usb
[    0.768344] EDAC MC: Ver: 3.0.0
[    0.776112] PCI: Using ACPI for IRQ routing
[    0.780557] NetLabel: Initializing
[    0.783980] NetLabel:  domain hash size = 128
[    0.788004] NetLabel:  protocols = UNLABELED CIPSOv4 CALIPSO
[    0.792025] NetLabel:  unlabeled traffic allowed by default
[    0.800546] clocksource: Switched to clocksource kvm-clock
[    0.830234] VFS: Disk quotas dquot_6.6.0
[    0.830234] VFS: Dquot-cache hash table entries: 512 (order 0, 4096 bytes)
[    0.830234] AppArmor: AppArmor Filesystem Enabled
[    0.830234] pnp: PnP ACPI init
[    0.830234] pnp: PnP ACPI: found 3 devices
[    0.942669] clocksource: acpi_pm: mask: 0xffffff max_cycles: 0xffffff, max_idle_ns: 2085701024 ns
[    0.944875] NET: Registered protocol family 2
[    0.944875] IP idents hash table entries: 32768 (order: 6, 262144 bytes)
[    0.959596] TCP established hash table entries: 16384 (order: 5, 131072 bytes)
[    0.965627] TCP bind hash table entries: 16384 (order: 6, 262144 bytes)
[    0.969103] TCP: Hash tables configured (established 16384 bind 16384)
[    0.969103] UDP hash table entries: 1024 (order: 3, 32768 bytes)
[    0.969103] UDP-Lite hash table entries: 1024 (order: 3, 32768 bytes)
[    0.969103] NET: Registered protocol family 1
[    0.969103] pci 0000:00:00.0: Limiting direct PCI/PCI transfers
[    0.969103] pci 0000:00:01.0: Activating ISA DMA hang workarounds
[    0.969103] pci 0000:00:02.0: Video device with shadowed ROM at [mem 0x000c0000-0x000dffff]
[    0.969103] Unpacking initramfs...
[    1.625515] Freeing initrd memory: 19528K
[    1.631074] clocksource: tsc: mask: 0xffffffffffffffff max_cycles: 0x26d89084c04, max_idle_ns: 440795209293 ns
[    1.638958] platform rtc_cmos: registered platform RTC device (no PNP device found)
[    1.645096] Scanning for low memory corruption every 60 seconds
[    1.651794] Initialise system trusted keyrings
[    1.655498] Key type blacklist registered
[    1.659781] workingset: timestamp_bits=36 max_order=19 bucket_order=0
[    1.667674] zbud: loaded
[    1.671495] squashfs: version 4.0 (2009/01/31) Phillip Lougher
[    1.678330] fuse init (API version 7.26)
[    1.721973] Key type asymmetric registered
[    1.728353] Asymmetric key parser 'x509' registered
[    1.737287] Block layer SCSI generic (bsg) driver version 0.4 loaded (major 246)
[    1.745359] io scheduler noop registered
[    1.750978] io scheduler deadline registered
[    1.756187] io scheduler cfq registered (default)
[    1.768919] ACPI: AC Adapter [AC] (off-line)
[    1.773291] input: Power Button as /devices/LNXSYSTM:00/LNXPWRBN:00/input/input0
[    1.779840] ACPI: Power Button [PWRF]
[    1.783461] input: Sleep Button as /devices/LNXSYSTM:00/LNXSLPBN:00/input/input1
[    1.791457] ACPI: Sleep Button [SLPF]
[    1.798895] ACPI: Battery Slot [BAT0] (battery present)
[    1.806916] Serial: 8250/16550 driver, 32 ports, IRQ sharing enabled
[    1.838917] 00:02: ttyS0 at I/O 0x3f8 (irq = 4, base_baud = 115200) is a 16550A
[    1.866879] Linux agpgart interface v0.103
[    1.912733] loop: module loaded
[    1.918804] scsi host0: ata_piix
[    1.925013] scsi host1: ata_piix
[    1.929917] ata1: PATA max UDMA/33 cmd 0x1f0 ctl 0x3f6 bmdma 0xd000 irq 14
[    1.936730] ata2: PATA max UDMA/33 cmd 0x170 ctl 0x376 bmdma 0xd008 irq 15
[    1.943078] tun: Universal TUN/TAP device driver, 1.6
[    1.948862] PPP generic driver version 2.4.2
[    1.953034] ehci_hcd: USB 2.0 'Enhanced' Host Controller (EHCI) Driver
[    1.959721] ehci-pci: EHCI PCI platform driver
[    1.963933] ehci-platform: EHCI generic platform driver
[    1.970171] ohci_hcd: USB 1.1 'Open' Host Controller (OHCI) Driver
[    1.975327] ohci-pci: OHCI PCI platform driver
[    1.979074] ohci-platform: OHCI generic platform driver
[    1.984312] uhci_hcd: USB Universal Host Controller Interface driver
[    1.990198] i8042: PNP: PS/2 Controller [PNP0303:PS2K,PNP0f03:PS2M] at 0x60,0x64 irq 1,12
[    1.999962] serio: i8042 KBD port at 0x60,0x64 irq 1
[    2.002303] serio: i8042 AUX port at 0x60,0x64 irq 12
[    2.009498] mousedev: PS/2 mouse device common for all mice
[    2.018573] rtc_cmos rtc_cmos: rtc core: registered rtc_cmos as rtc0
[    2.024626] input: AT Translated Set 2 keyboard as /devices/platform/i8042/serio0/input/input2
[    2.025166] rtc_cmos rtc_cmos: alarms up to one day, 114 bytes nvram
[    2.038127] i2c /dev entries driver
[    2.041752] device-mapper: uevent: version 1.0.3
[    2.046315] device-mapper: ioctl: 4.37.0-ioctl (2017-09-20) initialised: dm-devel@redhat.com
[    2.054753] ledtrig-cpu: registered to indicate activity on CPUs
[    2.063000] NET: Registered protocol family 10
[    2.080002] Segment Routing with IPv6
[    2.083212] NET: Registered protocol family 17
[    2.087806] Key type dns_resolver registered
[    2.093223] mce: Using 0 MCE banks
[    2.096189] RAS: Correctable Errors collector initialized.
[    2.100934] sched_clock: Marking stable (2100865440, 0)->(2873612062, -772746622)
[    2.165576] registered taskstats version 1
[    2.170351] Loading compiled-in X.509 certificates
[    2.180423] Loaded X.509 cert 'Build time autogenerated kernel key: b5b26778eaa3ab3a4a6cee031137706e947d12ad'
[    2.190398] Loaded X.509 cert 'Canonical Ltd. Live Patch Signing: 14df34d1a87cf37625abec039ef2bf521249b969'
[    2.199358] Loaded X.509 cert 'Canonical Ltd. Kernel Module Signing: 88f752e560a1e0737e31163a466ad7b70a850c19'
[    2.208612] blacklist: Loading compiled-in revocation X.509 certificates
[    2.214856] Loaded X.509 cert 'Canonical Ltd. Secure Boot Signing: 61482aa2830d0ab2ad5af10b7250da9033ddcef0'
[    2.226613] Loaded X.509 cert 'Canonical Ltd. Secure Boot Signing (2017): 242ade75ac4a15e50d50c84b0d45ff3eae707a03'
[    2.237419] Loaded X.509 cert 'Canonical Ltd. Secure Boot Signing (ESM 2018): 365188c1d374d6b07c3c8f240f8ef722433d6a8b'
[    2.246430] Loaded X.509 cert 'Canonical Ltd. Secure Boot Signing (2019): c0746fd6c5da3ae827864651ad66ae47fe24b3e8'
[    2.254776] Loaded X.509 cert 'Canonical Ltd. Secure Boot Signing (2021 v1): a8d54bbb3825cfb94fa13c9f8a594a195c107b8d'
[    2.263930] Loaded X.509 cert 'Canonical Ltd. Secure Boot Signing (2021 v2): 4cf046892d6fd3c9a5b03f98d845f90851dc6a8c'
[    2.273374] Loaded X.509 cert 'Canonical Ltd. Secure Boot Signing (2021 v3): 100437bb6de6e469b581e61cd66bce3ef4ed53af'
[    2.282563] Loaded X.509 cert 'Canonical Ltd. Secure Boot Signing (Ubuntu Core 2019): c1d57b8f6b743f23ee41f4f7ee292f06eecadfb9'
[    2.292190] zswap: loaded using pool lzo/zbud
[    2.307846] Key type big_key registered
[    2.323310] Key type trusted registered
[    2.331888] Key type encrypted registered
[    2.335296] AppArmor: AppArmor sha1 policy hashing enabled
[    2.339899] ima: No TPM chip found, activating TPM-bypass! (rc=-19)
[    2.346280] ima: Allocated hash algorithm: sha1
[    2.350969] evm: HMAC attrs: 0x1
[    2.354401]   Magic number: 13:992:120
[    2.357554] misc device-mapper: hash matches
[    2.361402] rtc_cmos rtc_cmos: setting system clock to 2025-06-13 09:07:04 UTC (1749805624)
[    2.369180] BIOS EDD facility v0.16 2004-Jun-25, 0 devices found
[    2.373948] EDD information not available.
[    2.384455] Freeing unused kernel image memory: 2480K
[    2.418747] Write protecting the kernel read-only data: 20480k
[    2.427077] Freeing unused kernel image memory: 2008K
[    2.432451] Freeing unused kernel image memory: 1820K
[    2.442442] x86/mm: Checked W+X mappings: passed, no W+X pages found.
Loading, please wait...
starting version 237
[    2.575106] e1000: Intel(R) PRO/1000 Network Driver - version 7.3.21-k8-NAPI
[    2.583338] e1000: Copyright (c) 1999-2006 Intel Corporation.
[    2.595769] Fusion MPT base driver 3.04.20
[    2.601589] Copyright (c) 1999-2008 LSI Corporation
[    2.627862] SSE version of gcm_enc/dec engaged.
[    2.683945] Fusion MPT SPI Host driver 3.04.20
[    2.915152] input: ImExPS/2 Generic Explorer Mouse as /devices/platform/i8042/serio1/input/input4
[    3.725236] e1000 0000:00:03.0 eth0: (PCI:33MHz:32-bit) 02:3b:7b:b7:3b:2d
[    3.736246] e1000 0000:00:03.0 eth0: Intel(R) PRO/1000 Network Connection
[    3.747959] mptbase: ioc0: Initiating bringup
[    3.859541] ioc0: LSI53C1030 A0: Capabilities={Initiator}
[    4.121080] scsi host2: ioc0: LSI53C1030 A0, FwRev=00000000h, Ports=1, MaxQ=256, IRQ=20
[    4.311753] scsi 2:0:0:0: Direct-Access     VBOX     HARDDISK         1.0  PQ: 0 ANSI: 5
[    4.367143] scsi target2:0:0: Beginning Domain Validation
[    4.383458] scsi target2:0:0: Domain Validation skipping write tests
[    4.390558] scsi target2:0:0: Ending Domain Validation
[    4.396929] scsi target2:0:0: asynchronous
[    4.404992] scsi 2:0:1:0: Direct-Access     VBOX     HARDDISK         1.0  PQ: 0 ANSI: 5
[    4.836215] scsi target2:0:1: Beginning Domain Validation
[    4.856870] scsi target2:0:1: Domain Validation skipping write tests
[    4.864113] scsi target2:0:1: Ending Domain Validation
[    4.873079] scsi target2:0:1: asynchronous
[    4.893648] sd 2:0:0:0: Attached scsi generic sg0 type 0
[    4.895617] sd 2:0:0:0: [sda] 83886080 512-byte logical blocks: (42.9 GB/40.0 GiB)
[    4.899896] sd 2:0:1:0: Attached scsi generic sg1 type 0
[    4.915647] sd 2:0:1:0: [sdb] 20480 512-byte logical blocks: (10.5 MB/10.0 MiB)
[    4.920467] sd 2:0:0:0: [sda] Write Protect is off
[    4.927888] sd 2:0:1:0: [sdb] Write Protect is off
[    4.942830] sd 2:0:0:0: [sda] Incomplete mode parameter data
[    4.948576] sd 2:0:0:0: [sda] Assuming drive cache: write through
[    4.955299] sd 2:0:1:0: [sdb] Incomplete mode parameter data
[    4.960235] sd 2:0:1:0: [sdb] Assuming drive cache: write through
[    4.989132]  sda: sda1
[    4.995603] sd 2:0:0:0: [sda] Attached SCSI disk
[    5.004853] sd 2:0:1:0: [sdb] Attached SCSI disk
[    5.119983] e1000 0000:00:08.0 eth1: (PCI:33MHz:32-bit) 08:00:27:91:ef:eb
[    5.127980] e1000 0000:00:08.0 eth1: Intel(R) PRO/1000 Network Connection
[    5.137542] e1000 0000:00:08.0 enp0s8: renamed from eth1
[    5.152576] e1000 0000:00:03.0 enp0s3: renamed from eth0
Begin: Loading essential drivers ... [    7.069323] raid6: sse2x1   gen()  4588 MB/s
[    7.120388] raid6: sse2x1   xor()  7143 MB/s
[    7.168064] raid6: sse2x2   gen()  8374 MB/s
[    7.216249] raid6: sse2x2   xor()  8620 MB/s
[    7.272831] raid6: sse2x4   gen() 10451 MB/s
[    7.324972] raid6: sse2x4   xor()  5933 MB/s
[    7.328892] raid6: using algorithm sse2x4 gen() 10451 MB/s
[    7.333462] raid6: .... xor() 5933 MB/s, rmw enabled
[    7.337576] raid6: using ssse3x2 recovery algorithm
[    7.345273] xor: measuring software checksum speed
[   11.233936]    prefetch64-sse: -1811167.-296 MB/sec
[   13.237688]    generic_sse: 54412.000 MB/sec
[   13.242951] xor: using function: generic_sse (54412.000 MB/sec)
[   13.252000] async_tx: api initialized (async)
done.
Begin: Running /scripts/init-premount ... done.
Begin: Mounting root file system ... Begin: Running /scripts/local-top ... done.
Begin: Running /scripts/local-premount ... [   13.334349] Btrfs loaded, crc32c=crc32c-intel
Scanning for Btrfs filesystems
done.
Warning: fsck not present, so skipping root file system
[   13.411125] EXT4-fs (sda1): mounted filesystem with ordered data mode. Opts: (null)
done.
Begin: Running /scripts/local-bottom ... done.
Begin: Running /scripts/init-bottom ... done.
[   13.700811] ip_tables: (C) 2000-2006 Netfilter Core Team
[   13.733413] systemd[1]: systemd 237 running in system mode. (+PAM +AUDIT +SELINUX +IMA +APPARMOR +SMACK +SYSVINIT +UTMP +LIBCRYPTSETUP +GCRYPT +GNUTLS +ACL +XZ +LZ4 +SECCOMP +BLKID +ELFUTILS +KMOD -IDN2 +IDN -PCRE2 default-hierarchy=hybrid)
[   13.753536] systemd[1]: Detected virtualization oracle.
[   13.758417] systemd[1]: Detected architecture x86-64.

Welcome to [1mUbuntu 18.04.6 LTS[0m!

[   13.801244] systemd[1]: Set hostname to <ubuntu>.
[   13.815842] systemd[1]: Initializing machine ID from random generator.
[   13.822908] systemd[1]: Installed transient /etc/machine-id file.
[   14.270935] systemd[1]: Set up automount Arbitrary Executable File Formats File System Automount Point.
[[0;32m  OK  [0m] Set up automount Arbitrary Executabâ€¦rmats File System Automount Point.
[   14.282204] systemd[1]: Reached target Mounting snaps.
[[0;32m  OK  [0m] Reached target Mounting snaps.
[   14.301076] systemd[1]: Created slice User and Session Slice.
[[0;32m  OK  [0m] Created slice User and Session Slice.
[   14.307690] systemd[1]: Started Forward Password Requests to Wall Directory Watch.
[[0;32m  OK  [0m] Started Forward Password Requests to Wall Directory Watch.
[[0;32m  OK  [0m] Reached target User and Group Name Lookups.
[[0;32m  OK  [0m] Reached target Swap.
[[0;32m  OK  [0m] Reached target System Time Synchronized.
[[0;32m  OK  [0m] Reached target Mounted snaps.
[[0;32m  OK  [0m] Created slice System Slice.
[[0;32m  OK  [0m] Listening on Journal Audit Socket.
[[0;32m  OK  [0m] Listening on Journal Socket.
         Mounting POSIX Message Queue File System...
         Starting Set the console keyboard layout...
[[0;32m  OK  [0m] Listening on Device-mapper event daemon FIFOs.
[[0;32m  OK  [0m] Listening on LVM2 poll daemon socket.
         Starting Uncomplicated firewall...
[[0;32m  OK  [0m] Reached target Slices.
[[0;32m  OK  [0m] Listening on Journal Socket (/dev/log).
[[0;32m  OK  [0m] Listening on Syslog Socket.
         Starting Journal Service...
[[0;32m  OK  [0m] Listening on /dev/initctl Compatibility Named Pipe.
         Mounting Kernel Debug File System...
[[0;32m  OK  [0m] Listening on LVM2 metadata daemon socket.
         Starting Monitoring of LVM2 mirrorsâ€¦ng dmeventd or progress polling...
         Mounting Huge Pages File System...
         Starting Create list of required stâ€¦ce nodes for the current kernel...
         Starting Load Kernel Modules...
[[0;32m  OK  [0m] Created slice system-serial\x2dgetty.slice.
[[0;32m  OK  [0m] Listening on udev Kernel Socket.
[[0;32m  OK  [0m] Listening on fsck to fsckd communication Socket.
[[0;32m  OK  [0m] Listening on udev Control Socket.
         Starting udev Coldplug all Devices...
[[0;32m  OK  [0m] Listening on Network Service Netlink Socket.
         Starting File System Check on Root Device...
[[0;32m  OK  [0m] Mounted POSIX Message Queue File System.
[[0;32m  OK  [0m] Started Uncomplicated firewall.
[[0;32m  OK  [0m] Mounted Kernel Debug File System.
[[0;32m  OK  [0m] Mounted Huge Pages File System.
[[0;32m  OK  [0m] Started Create list of required staâ€¦vice nodes for the current kernel.
[   14.551938] Loading iSCSI transport class v2.0-870.
[[0;32m  OK  [0m] Started LVM2 metadata daemon.
         Starting Create Static Device Nodes in /dev...
[[0;32m  OK  [0m] Started Journal Service.
[[0;32m  OK  [0m] Started File System Check Daemon to report status.
[   14.630719] iscsi: registered transport (tcp)
[[0;32m  OK  [0m] Started udev Coldplug all Devices.
[[0;32m  OK  [0m] Started Create Static Device Nodes in /dev.
[[0;32m  OK  [0m] Started Monitoring of LVM2 mirrors,â€¦sing dmeventd or progress polling.
[[0;32m  OK  [0m] Started File System Check on Root Device.
         Starting Remount Root and Kernel File Systems...
[   14.771864] iscsi: registered transport (iser)
[[0;32m  OK  [0m] Started Load Kernel Modules.
         Mounting Kernel Configuration File System...
         Starting Apply Kernel Variables...
[   14.794997] EXT4-fs (sda1): re-mounted. Opts: (null)
         Mounting FUSE Control File System...
[[0;32m  OK  [0m] Started Remount Root and Kernel File Systems.
[[0;32m  OK  [0m] Mounted Kernel Configuration File System.
[[0;32m  OK  [0m] Mounted FUSE Control File System.
         Starting Flush Journal to Persistent Storage...
         Starting udev Kernel Device Manager...
         Starting Load/Save Random Seed...
[[0;32m  OK  [0m] Started Apply Kernel Variables.
[[0;32m  OK  [0m] Started Load/Save Random Seed.
[[0;32m  OK  [0m] Started udev Kernel Device Manager.
[[0;32m  OK  [0m] Started Flush Journal to Persistent Storage.
[[0;32m  OK  [0m] Found device /dev/ttyS0.
[[0;32m  OK  [0m] Listening on Load/Save RF Kill Switch Status /dev/rfkill Watch.
[[0;32m  OK  [0m] Started Set the console keyboard layout.
         Mounting Arbitrary Executable File Formats File System...
[[0;32m  OK  [0m] Reached target Local File Systems (Pre).
[[0;32m  OK  [0m] Reached target Local File Systems.
         Starting Commit a transient machine-id on disk...
         Starting Tell Plymouth To Write Out Runtime Data...
         Starting Set console font and keymap...
         Starting Create Volatile Files and Directories...
         Starting AppArmor initialization...
         Starting ebtables ruleset management...
[[0;32m  OK  [0m] Started Dispatch Password Requests to Console Directory Watch.
[[0;32m  OK  [0m] Reached target Local Encrypted Volumes.
[[0;32m  OK  [0m] Mounted Arbitrary Executable File Formats File System.
[[0;32m  OK  [0m] Started Tell Plymouth To Write Out Runtime Data.
[[0;32m  OK  [0m] Started Commit a transient machine-id on disk.
[[0;32m  OK  [0m] Started Create Volatile Files and Directories.
         Starting Update UTMP about System Boot/Shutdown...
[[0;32m  OK  [0m] Started Update UTMP about System Boot/Shutdown.
[[0;32m  OK  [0m] Started ebtables ruleset management.
[[0;32m  OK  [0m] Started AppArmor initialization.
         Starting Initial cloud-init job (pre-networking)...
         Starting Load AppArmor profiles managed internally by snapd...
[[0;32m  OK  [0m] Started Load AppArmor profiles managed internally by snapd.
[[0;32m  OK  [0m] Started Set console font and keymap.
[   19.626283] cloud-init[762]: Cloud-init v. 23.1.2-0ubuntu0~18.04.1 running 'init-local' at Fri, 13 Jun 2025 09:07:21 +0000. Up 19.16 seconds.
[[0;32m  OK  [0m] Started Initial cloud-init job (pre-networking).
[[0;32m  OK  [0m] Reached target Network (Pre).
         Starting Network Service...
[[0;32m  OK  [0m] Started Network Service.
         Starting Wait for Network to be Configured...
         Starting Network Name Resolution...
[[0;32m  OK  [0m] Started Network Name Resolution.
[[0;32m  OK  [0m] Reached target Host and Network Name Lookups.
[[0;32m  OK  [0m] Reached target Network.
[[0;32m  OK  [0m] Started Wait for Network to be Configured.
         Starting Initial cloud-init job (metadata service crawler)...
[   22.496807] cloud-init[927]: Cloud-init v. 23.1.2-0ubuntu0~18.04.1 running 'init' at Fri, 13 Jun 2025 09:07:24 +0000. Up 22.33 seconds.
[   22.507599] cloud-init[927]: ci-info: ++++++++++++++++++++++++++++++++++++++++++++Net device info++++++++++++++++++++++++++++++++++++++++++++
[   22.515531] cloud-init[927]: ci-info: +--------+-------+---------------------------------------+---------------+--------+-------------------+
[   22.523074] cloud-init[927]: ci-info: | Device |   Up  |                Address                |      Mask     | Scope  |     Hw-Address    |
[   22.531200] cloud-init[927]: ci-info: +--------+-------+---------------------------------------+---------------+--------+-------------------+
[   22.537752] cloud-init[927]: ci-info: | enp0s3 |  True |               10.0.2.15               | 255.255.255.0 | global | 02:3b:7b:b7:3b:2d |
[   22.546171] cloud-init[927]: ci-info: | enp0s3 |  True | fd17:625c:f037:2:3b:7bff:feb7:3b2d/64 |       .       | global | 02:3b:7b:b7:3b:2d |
[   22.551480] cloud-init[927]: ci-info: | enp0s3 |  True |       fe80::3b:7bff:feb7:3b2d/64      |       .       |  link  | 02:3b:7b:b7:3b:2d |
[   22.559355] cloud-init[927]: ci-info: | enp0s8 | False |                   .                   |       .       |   .    | 08:00:27:91:ef:eb |
[   22.568412] cloud-init[927]: ci-info: |   lo   |  True |               127.0.0.1               |   255.0.0.0   |  host  |         .         |
[   22.577473] cloud-init[927]: ci-info: |   lo   |  True |                ::1/128                |       .       |  host  |         .         |
[   22.586162] cloud-init[927]: ci-info: +--------+-------+---------------------------------------+---------------+--------+-------------------+
[   22.595070] cloud-init[927]: ci-info: ++++++++++++++++++++++++++++Route IPv4 info+++++++++++++++++++++++++++++
[   22.602691] cloud-init[927]: ci-info: +-------+-------------+----------+-----------------+-----------+-------+
[   22.610821] cloud-init[927]: ci-info: | Route | Destination | Gateway  |     Genmask     | Interface | Flags |
[   22.617365] cloud-init[927]: ci-info: +-------+-------------+----------+-----------------+-----------+-------+
[   22.623852] cloud-init[927]: ci-info: |   0   |   0.0.0.0   | 10.0.2.2 |     0.0.0.0     |   enp0s3  |   UG  |
[   22.631988] cloud-init[927]: ci-info: |   1   |   10.0.2.0  | 0.0.0.0  |  255.255.255.0  |   enp0s3  |   U   |
[   22.639308] cloud-init[927]: ci-info: |   2   |   10.0.2.2  | 0.0.0.0  | 255.255.255.255 |   enp0s3  |   UH  |
[   22.645705] cloud-init[927]: ci-info: +-------+-------------+----------+-----------------+-----------+-------+
[   22.653776] cloud-init[927]: ci-info: ++++++++++++++++++++++++Route IPv6 info++++++++++++++++++++++++
[   22.660112] cloud-init[927]: ci-info: +-------+-----------------------+---------+-----------+-------+
[   22.669084] cloud-init[927]: ci-info: | Route |      Destination      | Gateway | Interface | Flags |
[   22.680601] cloud-init[927]: ci-info: +-------+-----------------------+---------+-----------+-------+
[   22.689931] cloud-init[927]: ci-info: |   1   | fd17:625c:f037:2::/64 |    ::   |   enp0s3  |   U   |
[   22.698619] cloud-init[927]: ci-info: |   2   |       fe80::/64       |    ::   |   enp0s3  |   U   |
[   22.710897] cloud-init[927]: ci-info: |   3   |          ::/0         | fe80::2 |   enp0s3  |   UG  |
[   22.718824] cloud-init[927]: ci-info: |   5   |         local         |    ::   |   enp0s3  |   U   |
[   22.726966] cloud-init[927]: ci-info: |   6   |        ff00::/8       |    ::   |   enp0s3  |   U   |
[   22.756729] cloud-init[927]: ci-info: +-------+-----------------------+---------+-----------+-------+
[   23.556570] cloud-init[927]: Generating public/private rsa key pair.
[   23.560045] cloud-init[927]: Your identification has been saved in /etc/ssh/ssh_host_rsa_key.
[   23.567164] cloud-init[927]: Your public key has been saved in /etc/ssh/ssh_host_rsa_key.pub.
[   23.574532] cloud-init[927]: The key fingerprint is:
[   23.578962] cloud-init[927]: SHA256:y38t3CsPaqy0QDK3/2mCglIrMIvtuk8SquLRbrDibmQ root@ubuntu-bionic
[   23.585569] cloud-init[927]: The key's randomart image is:
[   23.590839] cloud-init[927]: +---[RSA 2048]----+
[   23.596251] cloud-init[927]: |                 |
[   23.602096] cloud-init[927]: |                 |
[   23.607541] cloud-init[927]: |                 |
[   23.613552] cloud-init[927]: |                 |
[   23.619404] cloud-init[927]: |.   o o S        |
[   23.624790] cloud-init[927]: |+Eo  = o .       |
[   23.627159] cloud-init[927]: |B*++  o.+. ..o   |[[0;32m  OK  [0m] Started Initial cloud-init job (metadata service crawler).
[[0;32m  OK  [0m] Reached target Cloud-config availability.
[[0;32m  OK  [0m] Reached target Network is Online.

[   23.637449] cloud-init[927]: |O=*.. .+.o+o=.o  |
[[0;32m  OK  [0m] Reached target Remote File Systems (Pre).
[[0;32m  OK  [0m] Reached target Remote File Systems.
[   23.644884]          Starting Availability of block devices...
[[0;32m  OK  [0m] Reached target System Initialization.
[[0;32m  OK  [0m] Started Daily apt download activities.
[[0;32m  OK  [0m] Started Daily Cleanup of Temporary Directories.
[[0;32m  OK  [0m] Started Message of the Day.
[[0;32m  OK  [0m] Listening on cloud-init hotplug hook socket.
[[0;32m  OK  [0m] Listening on UUID daemon activation socket.
[[0;32m  OK  [0m] Started ACPI Events Check.
[[0;32m  OK  [0m] Reached target Paths.
[[0;32m  OK  [0m] Listening on ACPID Listen Socket.
[[0;32m  OK  [0m] Listening on Open-iSCSI iscsid Socket.
[[0;32m  OK  [0m] Started Discard unused blocks once a week.
[[0;32m  OK  [0m] Listening on D-Bus System Message Bus Socket.
[[0;32m  OK  [0m] Started Ubuntu Advantage Timer for running repeated jobs.
[[0;32m  OK  [0m] Started Daily apt upgrade and clean activities.
[[0;32m  OK  [0m] Reached target Timers.
         Starting Socket activation for snappy daemon.
         Starting LXD - unix socket.
[[0;32m  OK  [0m] Listening on LXD - unix socket.
[[0;32m  OK  [0m] Started Availability of block devices.
[[0;32m  OK  [0m] Listening on Socket activation for snappy daemon.
[[0;32m  OK  [0m] Reached target Sockets.
[[0;32m  OK  [0m] Reached target Basic System.
         Starting LSB: automatic crash report generation...
         Starting Pollinate to seed the pseudo random number generator...
[[0;32m  OK  [0m] Started Deferred execution scheduler.
         Starting Dispatcher daemon for systemd-networkd...
[[0;32m  OK  [0m] Started Regular background program processing daemon.
         Starting LSB: Record successful boot for GRUB...
[[0;32m  OK  [0m] Started D-Bus System Message Bus.
cloud-init[927]: |@@+. .  +*=. +o. |
[   23.723408] cloud-init[927]: +----[SHA256]-----+
[   23.729025] cloud-init[927]: Generating public/private dsa key pair.
[   23.735708] cloud-init[927]: Your identification has been saved in /etc/ssh/ssh_host_dsa_key.
[   23.744195] cloud-init[927]: Your public key has been saved in /etc/ssh/ssh_host_dsa_key.pub.
[   23.756213] cloud-init[927]: The key fingerprint is:
[   23.764748] cloud-init[927]: SHA256:JkcShF9lTVzb+xm4h3y+8sLC9f/AA7j1/btiusZhL0o root@ubuntu-bionic
[   23.775244] cloud-init[927]: The key's randomart image is:
[   23.784024] cloud-init[927]: +---[DSA 1024]----+
[   23.793204] cloud-init[927]: |     oo  .o+...  |
[   23.802142] cloud-init[927]: |    .  ...  o  o |
[   23.811750] cloud-init[927]: |     ....     . .|         Starting LXD - container startup/shutdown...
         Starting Permit User Sessions...
         Starting System Logging Service...
         Starting Accounts Service...
[[0;32m  OK  [0m] Started FUSE filesystem for LXC.

[   23.851135] cloud-init[927]: |      .o   .  . .|
[   23.858747] [[0;32m  OK  [0m] Started irqbalance daemon.
         Starting Snap Daemon...
[[0;32m  OK  [0m] Reached target Login Prompts (Pre).
cloud-init[927]:          Starting Virtualbox guest utils...
|      . S . o. o |         Starting Login Service...

[   23.886431] cloud-init[927]: |       +   =.=o.+|
[   23.911062] cloud-init[927]: |         E= =+*+o|
[   23.929852] cloud-init[927]: |        .  * B++.|
[   23.941835] cloud-init[927]: |         .oo* =*X|
[   23.954738] cloud-init[927]: +----[SHA256]-----+
[   23.973972] cloud-init[927]: Generating public/private ecdsa key pair.
[   23.987179] cloud-init[927]: Your identification has been saved in /etc/ssh/ssh_host_ecdsa_key.
[   24.002239] cloud-init[927]: Your public key has been saved in /etc/ssh/ssh_host_ecdsa_key.pub.
[   24.014006] cloud-init[[0;32m  OK  [0m] Started Permit User Sessions.
[927]:          Starting Terminate Plymouth Boot Screen...
         Starting Hold until boot process finishes up...
The key fingerprint is:         Starting Hostname Service...

[   24.041417] cloud-init[927]: SHA256:4QirqHus+FHU5r755dcjMpmSfJEwfCMee3fbzZkGNwo root@ubuntu-bionic
[[0;32m  OK  [0m] Started Terminate Plymouth Boot Screen.
[[0;32m  OK  [0m] Started Hold until boot process finishes up.
         Starting Set console scheme...
[   24.051828] [[0;32m  OK  [0m] Started Serial Getty on ttyS0.
[[0;32m  OK  [0m] Started LSB: automatic crash report generation.
cloud-init[927]: The key's randomart image is:
[   24.065674] cloud-init[927]: +---[ECDSA 256]---+
[   24.068677] cloud-init[927]: |                 |
[   24.074136] cloud-init[927]: |     .           |
[   24.081401] cloud-init[927]: |    o o..        |
[   24.089464] cloud-init[927]: |   . = o*.o      |
[   24.097155] cloud-init[927]: |    o o.SB o     |
[   24.105419] cloud-init[927]: | . o .  o +E...o |
[   24.111299] cloud-init[927]: |..o   .. o.=.o++=|
[   24.120355] cloud-init[927]: |o o.   o+o* o.+++|
[   24.122998] cloud-init[927]: |==.   o..o.+ ... |
[   24.134385] cloud-init[927]: +----[SHA256]-----+
[   24.140542] cloud-init[927]: Generating public/private ed25519 key pair.
[   24.143277] cloud-init[927]: Your identification has been saved in /etc/ssh/ssh_host_ed25519_key.
[   24.149860] cloud-init[927]: Your public key has been saved in /etc/ssh/ssh_host_ed25519_key.pub.
[   24.154731] cloud-init[927]: The key fingerprint is:
[   24.157760] cloud-init[927]: SHA256:sHhTnnqvyajV0zBhH4TlxHZ9QjJB89+rvt+yuImn6tY root@ubuntu-bionic
[[0;32m  OK  [0m] Started Login Service.
[[0;32m  OK  [0m] Started Unattended Upgrades Shutdown.
[[0;32m  OK  [0m] Started Set console scheme.
[[0;32m  OK  [0m] Created slice system-getty.slice.
[[0;32m  OK  [0m] Started Getty on tty1.
[[0;32m  OK  [0m] Reached target Login Prompts.
[   24.294749] cloud-init[927]: The key's randomart image is:
[   24.299394] cloud-init[[0;32m  OK  [0m] Started Hostname Service.
[927]: +--[ED25519 256]--+
[   24.309655] cloud-init[927]: |         ++.*+.  |
[   24.330922] cloud-init[927]: |        .+o .=o .|
[   24.342705] cloud-init[927]: |      . +.o.  .o |
[   24.352567] cloud-init[927]: |     . * + .   ..|
[   24.357010] cloud-init[927]: |    . + S .     o|
[   24.362911] cloud-init[927]: |     . + +      .|
[   24.369278] cloud-init[927]: |      o +..    . |
[   24.374052] cloud-init[927]: |     . +.+E..oo .|
[   24.380605] cloud-init[927]: |    ...o*o+o==++.|
[   24.387775] cloud-init[927]: +----[SHA256]-----+
[[0;32m  OK  [0m] Started System Logging Service.
[[0;32m  OK  [0m] Started LSB: Record successful boot for GRUB.
         Starting Authorization Manager...
[[0;32m  OK  [0m] Started Authorization Manager.
[[0;32m  OK  [0m] Started Accounts Service.
[[0;32m  OK  [0m] Started Virtualbox guest utils.
[[0;32m  OK  [0m] Started LXD - container startup/shutdown.
[[0;32m  OK  [0m] Started Dispatcher daemon for systemd-networkd.
[[0;32m  OK  [0m] Started Snap Daemon.
         Starting Wait until snapd is fully seeded...
[[0;32m  OK  [0m] Started Pollinate to seed the pseudo random number generator.
         Starting OpenBSD Secure Shell server...
[[0;32m  OK  [0m] Started OpenBSD Secure Shell server.
[[0;32m  OK  [0m] Created slice User Slice of vagrant.
         Starting User Manager for UID 1000...
[[0;32m  OK  [0m] Started Session 1 of user vagrant.
[[0;32m  OK  [0m] Started User Manager for UID 1000.
         Starting Time & Date Service...
[[0;32m  OK  [0m] Started Time & Date Service.
[[0;32m  OK  [0m] Started Wait until snapd is fully seeded.
         Starting Apply the settings specified in cloud-config...

Ubuntu 18.04.6 LTS ubuntu-bionic ttyS0

ubuntu-bionic login: [   30.485853] cloud-init[1473]: Cloud-init v. 23.1.2-0ubuntu0~18.04.1 running 'modules:config' at Fri, 13 Jun 2025 09:07:31 +0000. Up 28.88 seconds.
ci-info: no authorized SSH keys fingerprints found for user ubuntu.
<14>Jun 13 09:07:33 cloud-init: #############################################################
<14>Jun 13 09:07:33 cloud-init: -----BEGIN SSH HOST KEY FINGERPRINTS-----
<14>Jun 13 09:07:33 cloud-init: 1024 SHA256:JkcShF9lTVzb+xm4h3y+8sLC9f/AA7j1/btiusZhL0o root@ubuntu-bionic (DSA)
<14>Jun 13 09:07:33 cloud-init: 256 SHA256:4QirqHus+FHU5r755dcjMpmSfJEwfCMee3fbzZkGNwo root@ubuntu-bionic (ECDSA)
<14>Jun 13 09:07:33 cloud-init: 256 SHA256:sHhTnnqvyajV0zBhH4TlxHZ9QjJB89+rvt+yuImn6tY root@ubuntu-bionic (ED25519)
<14>Jun 13 09:07:33 cloud-init: 2048 SHA256:y38t3CsPaqy0QDK3/2mCglIrMIvtuk8SquLRbrDibmQ root@ubuntu-bionic (RSA)
<14>Jun 13 09:07:33 cloud-init: -----END SSH HOST KEY FINGERPRINTS-----
<14>Jun 13 09:07:33 cloud-init: #############################################################
-----BEGIN SSH HOST KEY KEYS-----
ecdsa-sha2-nistp256 AAAAE2VjZHNhLXNoYTItbmlzdHAyNTYAAAAIbmlzdHAyNTYAAABBBO5cJtpog1bT3mNdXbbD3eU4wqYYvA65bs9/7Cnk4PDgFU0c2HdVCiDwvQQkP7upvAGS5lpaABwUYWzmtbdVB4Q= root@ubuntu-bionic
ssh-ed25519 AAAAC3NzaC1lZDI1NTE5AAAAINxj06lr7oh6Tmwrv/0IF55EKWgIrltZCoufJOM3V4rs root@ubuntu-bionic
ssh-rsa AAAAB3NzaC1yc2EAAAADAQABAAABAQC1RuNeiv9pn416Z4kewCqy+d2hwx1yp6Z1scBekE+8X7s0UfhF4XqE2ZA9xeSjJTNoJKXI3BzhihL39qG2XOWhRO1fDPAHL/TxFToWsBIDepZmsEJfO8hgcdBcDT6P73s0CFsKaEUMlog4gdxsSaS5t/XYgRvopCw2RNuiqgyRveU7k6nTwgrGJVhWu9kOiQLPlMGWGaC8R+btvGtZ/cbXp+KgB7oygMpv7veHlqrn1vY5MB6Zc2/5nKXyIHMnvI0HQaMJsoVx+xASM1WeBWOLq2R9kS9/G+I5DrORGXGkDux4k9GxfQZcJoyecpdbS1PxfqAJhv8AznP73jfYpcFf root@ubuntu-bionic
-----END SSH HOST KEY KEYS-----
[   31.693365] cloud-init[1596]: Cloud-init v. 23.1.2-0ubuntu0~18.04.1 running 'modules:final' at Fri, 13 Jun 2025 09:07:33 +0000. Up 31.32 seconds.
[   31.693617] cloud-init[1596]: Cloud-init v. 23.1.2-0ubuntu0~18.04.1 finished at Fri, 13 Jun 2025 09:07:33 +0000. Datasource DataSourceNoCloud [seed=/dev/sdb][dsmode=net].  Up 31.67 seconds
